---
source: src/ui/app/mod.rs
expression: t.backend().buffer().clone()
---
Buffer {
    area: Rect { x: 0, y: 0, width: 64, height: 32 },
    content: [
        "┌────┐┌Hexmap─────────────────────┐┌Hexmap─────────────────────┐",
        "│TRAI││                           ││                           │",
        "│  L ││                           ││                           │",
        "│TRAI││                           ││                           │",
        "│  L ││                           ││                           │",
        "│TRAI││                           ││                           │",
        "│  L ││           ⣀⡀⠲⡀⡀           ││           ⣀⡀⠲⡀⡀           │",
        "│TRAI││          ⠰⣀⡀⠒⠁⡱           ││          ⠰⣀⡀⠒⠁⡱           │",
        "│  L ││          ⠰⣁⡱⠰⣁⡱           ││          ⠰⣁⡱⠰⣁⡱           │",
        "│TRAI││            ⠑⠒⠁            ││            ⠑⠒⠁            │",
        "│  L ││                           ││                           │",
        "│TRAI││                           ││                           │",
        "│  L ││                           ││                           │",
        "│TRAI││                           ││                           │",
        "│  L ││                           ││                           │",
        "└────┘└───────────────────────────┘└───────────────────────────┘",
        "┌Tui Ta┐┌Tui Log [log=0.0/s]───────────────────────────────────┐",
        "│      ││                                                      │",
        "│      ││                                                      │",
        "│      ││                                                      │",
        "│      ││                                                      │",
        "│      ││                                                      │",
        "│      ││                                                      │",
        "│      ││                                                      │",
        "│      ││                                                      │",
        "└──────┘└──────────────────────────────────────────────────────┘",
        "┌──────────────────────────────────────────────────────────────┐",
        "│                            OUTPUT                            │",
        "│                            OUTPUT                            │",
        "│                            OUTPUT                            │",
        "└──────────────────────────────────────────────────────────────┘",
        "┌──────────────────────────────────────────────────────────────┐",
    ],
    styles: [
        x: 0, y: 0, fg: Reset, bg: Reset, underline: Reset, modifier: NONE,
        x: 18, y: 6, fg: Red, bg: Reset, underline: Reset, modifier: NONE,
        x: 23, y: 6, fg: Reset, bg: Reset, underline: Reset, modifier: NONE,
        x: 47, y: 6, fg: Red, bg: Reset, underline: Reset, modifier: NONE,
        x: 52, y: 6, fg: Reset, bg: Reset, underline: Reset, modifier: NONE,
        x: 17, y: 7, fg: Red, bg: Reset, underline: Reset, modifier: NONE,
        x: 23, y: 7, fg: Reset, bg: Reset, underline: Reset, modifier: NONE,
        x: 46, y: 7, fg: Red, bg: Reset, underline: Reset, modifier: NONE,
        x: 52, y: 7, fg: Reset, bg: Reset, underline: Reset, modifier: NONE,
        x: 17, y: 8, fg: Red, bg: Reset, underline: Reset, modifier: NONE,
        x: 23, y: 8, fg: Reset, bg: Reset, underline: Reset, modifier: NONE,
        x: 46, y: 8, fg: Red, bg: Reset, underline: Reset, modifier: NONE,
        x: 52, y: 8, fg: Reset, bg: Reset, underline: Reset, modifier: NONE,
        x: 19, y: 9, fg: Red, bg: Reset, underline: Reset, modifier: NONE,
        x: 22, y: 9, fg: Reset, bg: Reset, underline: Reset, modifier: NONE,
        x: 48, y: 9, fg: Red, bg: Reset, underline: Reset, modifier: NONE,
        x: 51, y: 9, fg: Reset, bg: Reset, underline: Reset, modifier: NONE,
    ]
}
